#-----------------------------------------------------------
# Vivado v2022.2 (64-bit)
# SW Build 3671981 on Fri Oct 14 05:00:03 MDT 2022
# IP Build 3669848 on Fri Oct 14 08:30:02 MDT 2022
# Start of session at: Sun Aug 27 14:46:50 2023
# Process ID: 22888
# Current directory: F:/Digital_Track/04_STM_training/Multi_Cyclic_MIPS_Processor/Vivado/Multi_Cyclic_MIPS_Processor
# Command line: vivado.exe -gui_launcher_event rodinguilauncherevent28752 F:\Digital_Track\04_STM_training\Multi_Cyclic_MIPS_Processor\Vivado\Multi_Cyclic_MIPS_Processor\Multi_Cyclic_MIPS_Processor.xpr
# Log file: F:/Digital_Track/04_STM_training/Multi_Cyclic_MIPS_Processor/Vivado/Multi_Cyclic_MIPS_Processor/vivado.log
# Journal file: F:/Digital_Track/04_STM_training/Multi_Cyclic_MIPS_Processor/Vivado/Multi_Cyclic_MIPS_Processor\vivado.jou
# Running On: Omars-PC, OS: Windows, CPU Frequency: 2592 MHz, CPU Physical cores: 6, Host memory: 17095 MB
#-----------------------------------------------------------
start_guioopen_project F:/Digital_Track/04_STM_training/Multi_Cyclic_MIPS_Processor/Vivado/Multi_Cyclic_MIPS_Processor/Multi_Cyclic_MIPS_Processor.xprupdate_compile_order -fileset sources_1
launch_simulation
source Top_TB.tcl
close_sim
# Disabling source management mode.  This is to allow the top design properties to be set without GUI intervention.
set_property source_mgmt_mode None [current_project]
set_property top Top [current_fileset]
# Re-enabling previously disabled source management mode.
set_property source_mgmt_mode All [current_project]
update_compile_order -fileset sources_1
synth_design -rtl -rtl_skip_mlo -name rtl_1
